[INFO] Scanning for projects...
[INFO] 
[INFO] ----------< com.github.javydreamercsw:all-time-wrestling-rpg >----------
[INFO] Building All Time Wrestling RPG 1.8.0-SNAPSHOT
[INFO]   from pom.xml
[INFO] --------------------------------[ jar ]---------------------------------
[INFO] 
[INFO] --- clean:3.5.0:clean (default-clean) @ all-time-wrestling-rpg ---
[INFO] Deleting /Users/javierortiz/Documents/NetBeansProjects/all-time-wrestling-rpg/target
[INFO] 
[INFO] --- jacoco:0.8.14:prepare-agent (prepare-agent) @ all-time-wrestling-rpg ---
[INFO] surefireArgLine set to -javaagent:/Users/javierortiz/.m2/repository/org/jacoco/org.jacoco.agent/0.8.14/org.jacoco.agent-0.8.14-runtime.jar=destfile=/Users/javierortiz/Documents/NetBeansProjects/all-time-wrestling-rpg/target/jacoco.exec
[INFO] 
[INFO] --- spring-boot:4.0.5:build-info (default) @ all-time-wrestling-rpg ---
[INFO] 
[INFO] --- resources:3.3.1:resources (default-resources) @ all-time-wrestling-rpg ---
[INFO] Copying 6 resources from src/main/resources to target/classes
[INFO] Copying 353 resources from src/main/resources to target/classes
[INFO] 
[INFO] --- vaadin:25.1.1:prepare-frontend (default) @ all-time-wrestling-rpg ---
[INFO] ClassFinder initialized: 216 urls, 18688 classes scanned, 100 annotation types cached, 3667 subtype relationships cached, took 825ms
[INFO] Visited 103 classes. Took 62 ms.
[INFO] Copying frontend resources from jar files ...
[INFO] Visited 226 resources. Took 98 ms.
[INFO] 
[INFO] --- exec:3.6.3:exec (sync-vaadin-frontend-versions) @ all-time-wrestling-rpg ---
Synced @vaadin/* overrides to 25.1.1
[INFO] 
[INFO] --- compiler:3.14.1:compile (default-compile) @ all-time-wrestling-rpg ---
[INFO] Recompiling the module because of changed source code.
[INFO] Compiling 674 source files with javac [debug parameters release 25] to target/classes
WARNING: A terminally deprecated method in sun.misc.Unsafe has been called
WARNING: sun.misc.Unsafe::objectFieldOffset has been called by lombok.permit.Permit
WARNING: Please consider reporting this to the maintainers of class lombok.permit.Permit
WARNING: sun.misc.Unsafe::objectFieldOffset will be removed in a future release
